// Jest Snapshot v1, https://goo.gl/fbAQLP

exports[`App renders correctly 1`] = `
Array [
  <CssBaseline />,
  <Slide
    appear={false}
    direction="down"
    in={true}
  >
    <AppBar
      className="page-header"
    >
      <Toolbar
        className="page-header"
      >
        <Typography
          className="text--centered"
          variant="h5"
        >
          Bench Test
        </Typography>
      </Toolbar>
    </AppBar>
  </Slide>,
  <Container
    className="main"
    component="main"
    role="main"
  >
    <TransactionsTable />
  </Container>,
]
`;
