// Jest Snapshot v1, https://goo.gl/fbAQLP

exports[`index renders app correctly 1`] = `
<UNDEFINED>
  <App />
</UNDEFINED>
`;
